// Jest Snapshot v1, https://goo.gl/fbAQLP

exports[`[Mail-WebappStore][state] initial state 1`] = `
Object {
  "currentFolderKey": undefined,
  "foldersData": Object {},
  "login": undefined,
  "maxMessageSize": undefined,
  "messageFilter": undefined,
  "status": "idle",
}
`;
