// Jest Snapshot v1, https://goo.gl/fbAQLP

exports[`BmTree BmTree should match snapshot 1`] = `
<div
  class="bm-tree"
  data-browse-root="true"
  role="tree"
>
  <div
    aria-posinset="1"
    aria-setsize="2"
    class="bm-tree-node"
    indent-size="2"
  >
    <div
      aria-expanded="false"
      aria-level="1"
      class="bm-tree-node-content d-flex bm-tree-node-level-0"
      data-browse=""
      role="treeitem"
      tabindex="0"
    >
      <button
        aria-hidden="true"
        class="btn bm-icon-button bm-button-expand btn-icon-compact btn-sm compact"
        icon="chevron-right"
        style="visibility: visible;"
        tabindex="-1"
        type="button"
      >
        <svg
          aria-hidden="true"
          class="bm-icon svg-inline--fa fa-chevron-right fa-md"
          data-icon="chevron-right"
          data-prefix="fas"
          focusable="false"
          role="img"
          viewBox="0 0 12 12"
          xmlns="http://www.w3.org/2000/svg"
        >
          <path
            class=""
            d="M3.57576 1.57564C3.34145 1.80995 3.34145 2.18985 3.57576 2.42417L7.1515 5.9999L3.57576 9.57564C3.34145 9.80995 3.34145 10.1899 3.57576 10.4242C3.81008 10.6585 4.18997 10.6585 4.42429 10.4242L8.84855 5.9999L4.42429 1.57564C4.18997 1.34132 3.81008 1.34132 3.57576 1.57564Z"
            fill="currentColor"
          />
        </svg>
      </button>
       
                Level 0
            
    </div>
     
    <!---->
  </div>
  <div
    aria-posinset="2"
    aria-setsize="2"
    class="bm-tree-node"
    indent-size="2"
  >
    <div
      aria-level="1"
      class="bm-tree-node-content d-flex bm-tree-node-level-0"
      data-browse=""
      role="treeitem"
      tabindex="-1"
    >
      <button
        aria-hidden="true"
        class="btn bm-icon-button bm-button-expand btn-icon-compact btn-sm compact"
        icon="chevron-right"
        style="visibility: hidden;"
        tabindex="-1"
        type="button"
      >
        <svg
          aria-hidden="true"
          class="bm-icon svg-inline--fa fa-chevron-right fa-md"
          data-icon="chevron-right"
          data-prefix="fas"
          focusable="false"
          role="img"
          viewBox="0 0 12 12"
          xmlns="http://www.w3.org/2000/svg"
        >
          <path
            class=""
            d="M3.57576 1.57564C3.34145 1.80995 3.34145 2.18985 3.57576 2.42417L7.1515 5.9999L3.57576 9.57564C3.34145 9.80995 3.34145 10.1899 3.57576 10.4242C3.81008 10.6585 4.18997 10.6585 4.42429 10.4242L8.84855 5.9999L4.42429 1.57564C4.18997 1.34132 3.81008 1.34132 3.57576 1.57564Z"
            fill="currentColor"
          />
        </svg>
      </button>
       
                Level 0 bis
            
    </div>
     
    <!---->
  </div>
</div>
`;
