// Jest Snapshot v1, https://goo.gl/fbAQLP

exports[`BmListGroupSeparator BmListGroupSeparator should match snapshot 1`] = `
<span
  class="list-group-separator"
/>
`;
