// Jest Snapshot v1, https://goo.gl/fbAQLP

exports[`smime decrypt add decrypted parts content to part cache 1`] = `
Object {
  "99/1.1.1": MockResponse {},
  "99/1.1.2.1": MockResponse {},
  "99/1.1.2.2": MockResponse {},
  "99/1.2": MockResponse {},
}
`;
