// Jest Snapshot v1, https://goo.gl/fbAQLP

exports[`MailToolbarSelectedMessages should match snapshot 1`] = `
<div
  class="mail-toolbar-consult-message"
>
  <!---->
</div>
`;
